../Core/Src/main.c:84:15:getFreqSum	24	static
../Core/Src/main.c:107:6:USART1_IRQHandler	8	static
../Core/Src/main.c:111:6:freqOutCmdUpdate	24	static
../Core/Src/main.c:129:6:freqBaseCmdUpdate	24	static
../Core/Src/main.c:148:6:printParameters	32	static
../Core/Src/main.c:165:6:ParametersCmd	24	static
../Core/Src/main.c:177:6:powerOutCmdUpdate	24	static
../Core/Src/main.c:214:6:freqOutRs485Update	24	static
../Core/Src/main.c:239:6:freqOutSWUpdate	40	static
../Core/Src/main.c:266:5:main	520	static
../Core/Src/main.c:374:6:SystemClock_Config	88	static
../Core/Src/main.c:414:13:MX_CRC_Init	8	static
../Core/Src/main.c:443:13:MX_I2C1_Init	8	static
../Core/Src/main.c:488:13:MX_IWDG_Init	8	static
../Core/Src/main.c:515:13:MX_SPI2_Init	8	static
../Core/Src/main.c:553:13:MX_USART1_UART_Init	8	static
../Core/Src/main.c:598:13:MX_GPIO_Init	48	static
../Core/Src/main.c:662:6:Error_Handler	8	static,ignoring_inline_asm
