../Core/Src/main.c:71:6:getFreqOutFromEeprom	48	static
../Core/Src/main.c:77:15:getFreqOut	24	static
../Core/Src/main.c:124:5:main	320	static
../Core/Src/main.c:207:6:SystemClock_Config	88	static
../Core/Src/main.c:245:13:MX_CRC_Init	8	static
../Core/Src/main.c:274:13:MX_I2C1_Init	8	static
../Core/Src/main.c:319:13:MX_SPI2_Init	8	static
../Core/Src/main.c:357:13:MX_USART1_UART_Init	8	static
../Core/Src/main.c:402:13:MX_GPIO_Init	48	static
../Core/Src/main.c:466:6:Error_Handler	8	static,ignoring_inline_asm
