../Core/Src/max2871.c:10:15:getRegister0InitValue	0	static
../Core/Src/max2871.c:21:15:getRegister1InitValue	0	static
../Core/Src/max2871.c:34:15:getRegister2InitValue	0	static
../Core/Src/max2871.c:62:15:getRegister3InitValue	0	static
../Core/Src/max2871.c:79:15:getRegister4InitValue	12	static
../Core/Src/max2871.c:110:15:getRegister5InitValue	0	static
../Core/Src/max2871.c:127:6:max2871Init	16	static
../Core/Src/max2871.c:135:6:max2871Write	24	static
../Core/Src/max2871.c:155:6:max2871CalculateRegister0Values	24	static
../Core/Src/max2871.c:204:6:max2871RegisterInit	32	static
../Core/Src/max2871.c:217:6:waitForLock	24	static
../Core/Src/max2871.c:228:6:writeRegister0	8	static
../Core/Src/max2871.c:235:6:writeRegister4	8	static
../Core/Src/max2871.c:248:6:max2871ProgramFreqOut	32	static
