../Core/Src/stm32g0xx_hal_msp.c:63:6:HAL_MspInit	8	static
../Core/Src/stm32g0xx_hal_msp.c:85:6:HAL_CRC_MspInit	8	static
../Core/Src/stm32g0xx_hal_msp.c:107:6:HAL_CRC_MspDeInit	0	static
../Core/Src/stm32g0xx_hal_msp.c:129:6:HAL_I2C_MspInit	64	static
../Core/Src/stm32g0xx_hal_msp.c:175:6:HAL_I2C_MspDeInit	8	static
../Core/Src/stm32g0xx_hal_msp.c:206:6:HAL_SPI_MspInit	48	static
../Core/Src/stm32g0xx_hal_msp.c:249:6:HAL_SPI_MspDeInit	8	static
../Core/Src/stm32g0xx_hal_msp.c:278:6:HAL_UART_MspInit	64	static
../Core/Src/stm32g0xx_hal_msp.c:325:6:HAL_UART_MspDeInit	8	static
