../Core/Src/uart1.c:22:6:uart1_gpio_init	0	static
../Core/Src/uart1.c:79:6:uart1_dma_init	0	static
../Core/Src/uart1.c:89:6:uart1_write	8	static
../Core/Src/uart1.c:102:6:uart1_read	32	static
../Core/Src/uart1.c:128:9:uart1_1byte_read	8	static
../Core/Src/uart1.c:148:6:uart1_send_str	16	static
../Core/Src/uart1.c:154:6:uart1_send_frame	16	static
../Core/Src/uart1.c:164:6:uart1_clean_buffer	0	static
../Core/Src/uart1.c:10:10:uart1_clean_by_timeout	16	static
../Core/Src/uart1.c:46:6:uart1_init	16	static,ignoring_inline_asm
../Core/Src/uart1.c:140:7:uart1_read_to_frame	8	static
../Core/Src/uart1.c:181:9:uart1_nonblocking_read	24	static
